// Jest Snapshot v1, https://goo.gl/fbAQLP

exports[`should render EditExpensePage correctly 1`] = `
<div>
  <h3>
    Editing the expense
  </h3>
  <ExpenseForm
    expense={
      Object {
        "amount": 195,
        "createdAt": 0,
        "description": "Gum",
        "id": "0",
        "note": "",
      }
    }
    onSubmit={[Function]}
  />
  <button
    onClick={[Function]}
  >
    Remove
  </button>
</div>
`;
