// Jest Snapshot v1, https://goo.gl/fbAQLP

exports[`should render ExpenseListItem with an expense 1`] = `
<div>
  <h3>
    <NavLink
      activeClassName="is-active"
      ariaCurrent="true"
      exact={true}
      to="/edit/0"
    >
      Gum
    </NavLink>
  </h3>
  <p>
    Amount: 
    USD$1.95 
    -
     Date: 31/12/1969 21:00:00
  </p>
</div>
`;
